// Jest Snapshot v1, https://goo.gl/fbAQLP

exports[`MainNav displays company name: Booboo Careers 1`] = `"Booboo Careers"`;

exports[`MainNav displays company name: Boogle Careers 1`] = `"Boogle Careers"`;
